Archive member included to satisfy reference by file (symbol)

/usr/lib/gcc/avr/9.2.0/avr5/libgcc.a(_udivmodhi4.o)
                              ./Source/uart.o (__udivmodhi4)
/usr/lib/gcc/avr/9.2.0/avr5/libgcc.a(_exit.o)
                              /usr/lib/gcc/avr/9.2.0/../../../../avr/lib/avr5/crtatmega328p.o (exit)
/usr/lib/gcc/avr/9.2.0/avr5/libgcc.a(_copy_data.o)
                              ./Source/main.o (__do_copy_data)
/usr/lib/gcc/avr/9.2.0/avr5/libgcc.a(_clear_bss.o)
                              ./Source/main.o (__do_clear_bss)
/usr/lib/gcc/avr/9.2.0/avr5/libgcc.a(_umulhisi3.o)
                              ./Source/uart.o (__umulhisi3)
/usr/lib/gcc/avr/9.2.0/../../../../avr/lib/avr5/libm.a(addsf3.o)
                              ./Source/main.o (__subsf3)
/usr/lib/gcc/avr/9.2.0/../../../../avr/lib/avr5/libm.a(addsf3x.o)
                              /usr/lib/gcc/avr/9.2.0/../../../../avr/lib/avr5/libm.a(addsf3.o) (__addsf3x)
/usr/lib/gcc/avr/9.2.0/../../../../avr/lib/avr5/libm.a(cmpsf2.o)
                              ./Source/main.o (__ltsf2)
/usr/lib/gcc/avr/9.2.0/../../../../avr/lib/avr5/libm.a(divsf3.o)
                              ./Source/main.o (__divsf3)
/usr/lib/gcc/avr/9.2.0/../../../../avr/lib/avr5/libm.a(divsf3x.o)
                              /usr/lib/gcc/avr/9.2.0/../../../../avr/lib/avr5/libm.a(divsf3.o) (__divsf3x)
/usr/lib/gcc/avr/9.2.0/../../../../avr/lib/avr5/libm.a(fixsfsi.o)
                              ./Source/main.o (__fixsfsi)
/usr/lib/gcc/avr/9.2.0/../../../../avr/lib/avr5/libm.a(fixunssfsi.o)
                              /usr/lib/gcc/avr/9.2.0/../../../../avr/lib/avr5/libm.a(fixsfsi.o) (__fixunssfsi)
/usr/lib/gcc/avr/9.2.0/../../../../avr/lib/avr5/libm.a(floatsisf.o)
                              ./Source/main.o (__floatsisf)
/usr/lib/gcc/avr/9.2.0/../../../../avr/lib/avr5/libm.a(fp_cmp.o)
                              /usr/lib/gcc/avr/9.2.0/../../../../avr/lib/avr5/libm.a(cmpsf2.o) (__fp_cmp)
/usr/lib/gcc/avr/9.2.0/../../../../avr/lib/avr5/libm.a(fp_inf.o)
                              /usr/lib/gcc/avr/9.2.0/../../../../avr/lib/avr5/libm.a(addsf3x.o) (__fp_inf)
/usr/lib/gcc/avr/9.2.0/../../../../avr/lib/avr5/libm.a(fp_nan.o)
                              /usr/lib/gcc/avr/9.2.0/../../../../avr/lib/avr5/libm.a(addsf3x.o) (__fp_nan)
/usr/lib/gcc/avr/9.2.0/../../../../avr/lib/avr5/libm.a(fp_pscA.o)
                              /usr/lib/gcc/avr/9.2.0/../../../../avr/lib/avr5/libm.a(addsf3x.o) (__fp_pscA)
/usr/lib/gcc/avr/9.2.0/../../../../avr/lib/avr5/libm.a(fp_pscB.o)
                              /usr/lib/gcc/avr/9.2.0/../../../../avr/lib/avr5/libm.a(addsf3x.o) (__fp_pscB)
/usr/lib/gcc/avr/9.2.0/../../../../avr/lib/avr5/libm.a(fp_round.o)
                              /usr/lib/gcc/avr/9.2.0/../../../../avr/lib/avr5/libm.a(addsf3.o) (__fp_round)
/usr/lib/gcc/avr/9.2.0/../../../../avr/lib/avr5/libm.a(fp_split3.o)
                              /usr/lib/gcc/avr/9.2.0/../../../../avr/lib/avr5/libm.a(addsf3x.o) (__fp_split3)
/usr/lib/gcc/avr/9.2.0/../../../../avr/lib/avr5/libm.a(fp_zero.o)
                              /usr/lib/gcc/avr/9.2.0/../../../../avr/lib/avr5/libm.a(addsf3x.o) (__fp_zero)
/usr/lib/gcc/avr/9.2.0/../../../../avr/lib/avr5/libm.a(gesf2.o)
                              ./Source/main.o (__gtsf2)
/usr/lib/gcc/avr/9.2.0/../../../../avr/lib/avr5/libm.a(mulsf3.o)
                              ./Source/main.o (__mulsf3)
/usr/lib/gcc/avr/9.2.0/../../../../avr/lib/avr5/libm.a(mulsf3x.o)
                              /usr/lib/gcc/avr/9.2.0/../../../../avr/lib/avr5/libm.a(mulsf3.o) (__mulsf3x)

Allocating common symbols
Common symbol       size              file

timer_3             0x4               ./Source/main.o
pid_output_roll     0x4               ./Source/main.o
counter_channel_1   0x2               ./Source/main.o
counter_channel_4   0x2               ./Source/main.o
pid_last_roll_d_error
                    0x4               ./Source/main.o
receiver_input_channel_3
                    0x2               ./Source/main.o
gyro_pitch          0x4               ./Source/main.o
sig_atomic_t        0x1               ./Source/main.o
battery_voltage     0x2               ./Source/main.o
counter_channel_2   0x2               ./Source/main.o
esc_loop_timer      0x4               ./Source/main.o
timer_2             0x4               ./Source/main.o
current_time        0x4               ./Source/main.o
timer_channel_1     0x4               ./Source/main.o
gyro_axis           0x10              ./Source/main.o
loop_counter        0x2               ./Source/main.o
gyro_pitch_input    0x4               ./Source/main.o
counter_channel_3   0x2               ./Source/main.o
rc_signal           0xe               ./Source/main.o
gyro_yaw            0x4               ./Source/main.o
esc_2               0x2               ./Source/main.o
gyro_axis_cal       0x10              ./Source/main.o
throttle            0x2               ./Source/main.o
gyro_yaw_input      0x4               ./Source/main.o
pid_output_yaw      0x4               ./Source/main.o
timer_4             0x4               ./Source/main.o
receiver_input_channel_2
                    0x2               ./Source/main.o
gyro_roll_input     0x4               ./Source/main.o
esc_1               0x2               ./Source/main.o
timer_1             0x4               ./Source/main.o
timer_channel_3     0x4               ./Source/main.o
cal_int             0x2               ./Source/main.o
pid_i_mem_pitch     0x4               ./Source/main.o
gyro_value          0x1c              ./Source/main.o
timer_channel_4     0x4               ./Source/main.o
timer_channel_2     0x4               ./Source/main.o
pid_output_pitch    0x4               ./Source/main.o
esc_timer           0x4               ./Source/main.o
esc_3               0x2               ./Source/main.o
gyro_address        0x2               ./Source/main.o
receiver_input_channel_4
                    0x2               ./Source/main.o
pid_yaw_setpoint    0x4               ./Source/main.o
receiver_input_channel_1
                    0x2               ./Source/main.o
gyro_roll           0x4               ./Source/main.o
pid_roll_setpoint   0x4               ./Source/main.o
pid_pitch_setpoint  0x4               ./Source/main.o
pid_last_pitch_d_error
                    0x4               ./Source/main.o
esc_4               0x2               ./Source/main.o
start               0x2               ./Source/main.o
pid_error_temp      0x4               ./Source/main.o
pid_i_mem_roll      0x4               ./Source/main.o
loop_timer          0x4               ./Source/main.o
pid_last_yaw_d_error
                    0x4               ./Source/main.o
pid_i_mem_yaw       0x4               ./Source/main.o

Memory Configuration

Name             Origin             Length             Attributes
text             0x0000000000000000 0x0000000000020000 xr
data             0x0000000000800060 0x000000000000ffa0 rw !x
eeprom           0x0000000000810000 0x0000000000010000 rw !x
fuse             0x0000000000820000 0x0000000000000400 rw !x
lock             0x0000000000830000 0x0000000000000400 rw !x
signature        0x0000000000840000 0x0000000000000400 rw !x
user_signatures  0x0000000000850000 0x0000000000000400 rw !x
*default*        0x0000000000000000 0xffffffffffffffff

Linker script and memory map

Address of section .data set to 0x800100
LOAD /usr/lib/gcc/avr/9.2.0/../../../../avr/lib/avr5/crtatmega328p.o
LOAD ./Source/i2cmaster.o
LOAD ./Source/main.o
LOAD ./Source/uart.o
START GROUP
LOAD /usr/lib/gcc/avr/9.2.0/avr5/libgcc.a
LOAD /usr/lib/gcc/avr/9.2.0/../../../../avr/lib/avr5/libm.a
LOAD /usr/lib/gcc/avr/9.2.0/../../../../avr/lib/avr5/libc.a
LOAD /usr/lib/gcc/avr/9.2.0/../../../../avr/lib/avr5/libatmega328p.a
END GROUP
                0x0000000000020000                __TEXT_REGION_LENGTH__ = DEFINED (__TEXT_REGION_LENGTH__)?__TEXT_REGION_LENGTH__:0x20000
                0x000000000000ffa0                __DATA_REGION_LENGTH__ = DEFINED (__DATA_REGION_LENGTH__)?__DATA_REGION_LENGTH__:0xffa0
                0x0000000000010000                __EEPROM_REGION_LENGTH__ = DEFINED (__EEPROM_REGION_LENGTH__)?__EEPROM_REGION_LENGTH__:0x10000
                0x0000000000000400                __FUSE_REGION_LENGTH__ = DEFINED (__FUSE_REGION_LENGTH__)?__FUSE_REGION_LENGTH__:0x400
                0x0000000000000400                __LOCK_REGION_LENGTH__ = DEFINED (__LOCK_REGION_LENGTH__)?__LOCK_REGION_LENGTH__:0x400
                0x0000000000000400                __SIGNATURE_REGION_LENGTH__ = DEFINED (__SIGNATURE_REGION_LENGTH__)?__SIGNATURE_REGION_LENGTH__:0x400
                0x0000000000000400                __USER_SIGNATURE_REGION_LENGTH__ = DEFINED (__USER_SIGNATURE_REGION_LENGTH__)?__USER_SIGNATURE_REGION_LENGTH__:0x400

.hash
 *(.hash)

.dynsym
 *(.dynsym)

.dynstr
 *(.dynstr)

.gnu.version
 *(.gnu.version)

.gnu.version_d
 *(.gnu.version_d)

.gnu.version_r
 *(.gnu.version_r)

.rel.init
 *(.rel.init)

.rela.init
 *(.rela.init)

.rel.text
 *(.rel.text)
 *(.rel.text.*)
 *(.rel.gnu.linkonce.t*)

.rela.text
 *(.rela.text)
 *(.rela.text.*)
 *(.rela.gnu.linkonce.t*)

.rel.fini
 *(.rel.fini)

.rela.fini
 *(.rela.fini)

.rel.rodata
 *(.rel.rodata)
 *(.rel.rodata.*)
 *(.rel.gnu.linkonce.r*)

.rela.rodata
 *(.rela.rodata)
 *(.rela.rodata.*)
 *(.rela.gnu.linkonce.r*)

.rel.data
 *(.rel.data)
 *(.rel.data.*)
 *(.rel.gnu.linkonce.d*)

.rela.data
 *(.rela.data)
 *(.rela.data.*)
 *(.rela.gnu.linkonce.d*)

.rel.ctors
 *(.rel.ctors)

.rela.ctors
 *(.rela.ctors)

.rel.dtors
 *(.rel.dtors)

.rela.dtors
 *(.rela.dtors)

.rel.got
 *(.rel.got)

.rela.got
 *(.rela.got)

.rel.bss
 *(.rel.bss)

.rela.bss
 *(.rela.bss)

.rel.plt
 *(.rel.plt)

.rela.plt
 *(.rela.plt)

.text           0x0000000000000000     0x1d7a
 *(.vectors)
 .vectors       0x0000000000000000       0x68 /usr/lib/gcc/avr/9.2.0/../../../../avr/lib/avr5/crtatmega328p.o
                0x0000000000000000                __vectors
                0x0000000000000000                __vector_default
 *(.vectors)
 *(.progmem.gcc*)
                0x0000000000000068                . = ALIGN (0x2)
                0x0000000000000068                __trampolines_start = .
 *(.trampolines)
 .trampolines   0x0000000000000068        0x0 linker stubs
 *(.trampolines*)
                0x0000000000000068                __trampolines_end = .
 *libprintf_flt.a:*(.progmem.data)
 *libc.a:*(.progmem.data)
 *(.progmem.*)
                0x0000000000000068                . = ALIGN (0x2)
 *(.lowtext)
 *(.lowtext*)
                0x0000000000000068                __ctors_start = .
 *(.ctors)
                0x0000000000000068                __ctors_end = .
                0x0000000000000068                __dtors_start = .
 *(.dtors)
                0x0000000000000068                __dtors_end = .
 SORT_BY_NAME(*)(.ctors)
 SORT_BY_NAME(*)(.dtors)
 *(.init0)
 .init0         0x0000000000000068        0x0 /usr/lib/gcc/avr/9.2.0/../../../../avr/lib/avr5/crtatmega328p.o
                0x0000000000000068                __init
 *(.init0)
 *(.init1)
 *(.init1)
 *(.init2)
 .init2         0x0000000000000068        0xc /usr/lib/gcc/avr/9.2.0/../../../../avr/lib/avr5/crtatmega328p.o
 *(.init2)
 *(.init3)
 *(.init3)
 *(.init4)
 .init4         0x0000000000000074       0x16 /usr/lib/gcc/avr/9.2.0/avr5/libgcc.a(_copy_data.o)
                0x0000000000000074                __do_copy_data
 .init4         0x000000000000008a       0x10 /usr/lib/gcc/avr/9.2.0/avr5/libgcc.a(_clear_bss.o)
                0x000000000000008a                __do_clear_bss
 *(.init4)
 *(.init5)
 *(.init5)
 *(.init6)
 *(.init6)
 *(.init7)
 *(.init7)
 *(.init8)
 *(.init8)
 *(.init9)
 .init9         0x000000000000009a        0x8 /usr/lib/gcc/avr/9.2.0/../../../../avr/lib/avr5/crtatmega328p.o
 *(.init9)
 *(.text)
 .text          0x00000000000000a2        0x4 /usr/lib/gcc/avr/9.2.0/../../../../avr/lib/avr5/crtatmega328p.o
                0x00000000000000a2                __vector_22
                0x00000000000000a2                __vector_1
                0x00000000000000a2                __vector_24
                0x00000000000000a2                __vector_12
                0x00000000000000a2                __bad_interrupt
                0x00000000000000a2                __vector_6
                0x00000000000000a2                __vector_23
                0x00000000000000a2                __vector_25
                0x00000000000000a2                __vector_11
                0x00000000000000a2                __vector_13
                0x00000000000000a2                __vector_17
                0x00000000000000a2                __vector_19
                0x00000000000000a2                __vector_7
                0x00000000000000a2                __vector_4
                0x00000000000000a2                __vector_9
                0x00000000000000a2                __vector_2
                0x00000000000000a2                __vector_21
                0x00000000000000a2                __vector_15
                0x00000000000000a2                __vector_8
                0x00000000000000a2                __vector_14
                0x00000000000000a2                __vector_10
                0x00000000000000a2                __vector_16
                0x00000000000000a2                __vector_18
                0x00000000000000a2                __vector_20
 .text          0x00000000000000a6        0x0 ./Source/i2cmaster.o
 .text          0x00000000000000a6        0x0 ./Source/main.o
 .text          0x00000000000000a6        0x0 ./Source/uart.o
 .text          0x00000000000000a6        0x0 /usr/lib/gcc/avr/9.2.0/avr5/libgcc.a(_udivmodhi4.o)
 .text          0x00000000000000a6        0x0 /usr/lib/gcc/avr/9.2.0/avr5/libgcc.a(_exit.o)
 .text          0x00000000000000a6        0x0 /usr/lib/gcc/avr/9.2.0/avr5/libgcc.a(_copy_data.o)
 .text          0x00000000000000a6        0x0 /usr/lib/gcc/avr/9.2.0/avr5/libgcc.a(_clear_bss.o)
 .text          0x00000000000000a6        0x0 /usr/lib/gcc/avr/9.2.0/avr5/libgcc.a(_umulhisi3.o)
 .text          0x00000000000000a6        0x0 /usr/lib/gcc/avr/9.2.0/../../../../avr/lib/avr5/libm.a(addsf3.o)
 .text          0x00000000000000a6        0x0 /usr/lib/gcc/avr/9.2.0/../../../../avr/lib/avr5/libm.a(addsf3x.o)
 .text          0x00000000000000a6        0x0 /usr/lib/gcc/avr/9.2.0/../../../../avr/lib/avr5/libm.a(cmpsf2.o)
 .text          0x00000000000000a6        0x0 /usr/lib/gcc/avr/9.2.0/../../../../avr/lib/avr5/libm.a(divsf3.o)
 .text          0x00000000000000a6        0x0 /usr/lib/gcc/avr/9.2.0/../../../../avr/lib/avr5/libm.a(divsf3x.o)
 .text          0x00000000000000a6        0x0 /usr/lib/gcc/avr/9.2.0/../../../../avr/lib/avr5/libm.a(fixsfsi.o)
 .text          0x00000000000000a6        0x0 /usr/lib/gcc/avr/9.2.0/../../../../avr/lib/avr5/libm.a(fixunssfsi.o)
 .text          0x00000000000000a6        0x0 /usr/lib/gcc/avr/9.2.0/../../../../avr/lib/avr5/libm.a(floatsisf.o)
 .text          0x00000000000000a6        0x0 /usr/lib/gcc/avr/9.2.0/../../../../avr/lib/avr5/libm.a(fp_cmp.o)
 .text          0x00000000000000a6        0x0 /usr/lib/gcc/avr/9.2.0/../../../../avr/lib/avr5/libm.a(fp_inf.o)
 .text          0x00000000000000a6        0x0 /usr/lib/gcc/avr/9.2.0/../../../../avr/lib/avr5/libm.a(fp_nan.o)
 .text          0x00000000000000a6        0x0 /usr/lib/gcc/avr/9.2.0/../../../../avr/lib/avr5/libm.a(fp_pscA.o)
 .text          0x00000000000000a6        0x0 /usr/lib/gcc/avr/9.2.0/../../../../avr/lib/avr5/libm.a(fp_pscB.o)
 .text          0x00000000000000a6        0x0 /usr/lib/gcc/avr/9.2.0/../../../../avr/lib/avr5/libm.a(fp_round.o)
 .text          0x00000000000000a6        0x0 /usr/lib/gcc/avr/9.2.0/../../../../avr/lib/avr5/libm.a(fp_split3.o)
 .text          0x00000000000000a6        0x0 /usr/lib/gcc/avr/9.2.0/../../../../avr/lib/avr5/libm.a(fp_zero.o)
 .text          0x00000000000000a6        0x0 /usr/lib/gcc/avr/9.2.0/../../../../avr/lib/avr5/libm.a(gesf2.o)
 .text          0x00000000000000a6        0x0 /usr/lib/gcc/avr/9.2.0/../../../../avr/lib/avr5/libm.a(mulsf3.o)
 .text          0x00000000000000a6        0x0 /usr/lib/gcc/avr/9.2.0/../../../../avr/lib/avr5/libm.a(mulsf3x.o)
                0x00000000000000a6                . = ALIGN (0x2)
 *(.text.*)
 .text.i2c_init
                0x00000000000000a6        0xc ./Source/i2cmaster.o
                0x00000000000000a6                i2c_init
 .text.i2c_start
                0x00000000000000b2       0x50 ./Source/i2cmaster.o
                0x00000000000000b2                i2c_start
 .text.i2c_start_wait
                0x0000000000000102       0x50 ./Source/i2cmaster.o
                0x0000000000000102                i2c_start_wait
 .text.i2c_rep_start
                0x0000000000000152        0x6 ./Source/i2cmaster.o
                0x0000000000000152                i2c_rep_start
 .text.i2c_stop
                0x0000000000000158       0x12 ./Source/i2cmaster.o
                0x0000000000000158                i2c_stop
 .text.i2c_write
                0x000000000000016a       0x26 ./Source/i2cmaster.o
                0x000000000000016a                i2c_write
 .text.i2c_readAck
                0x0000000000000190       0x16 ./Source/i2cmaster.o
                0x0000000000000190                i2c_readAck
 .text.i2c_readNak
                0x00000000000001a6       0x16 ./Source/i2cmaster.o
                0x00000000000001a6                i2c_readNak
 .text.setup_timers
                0x00000000000001bc       0x28 ./Source/main.o
                0x00000000000001bc                setup_timers
 .text.setup_interrupts
                0x00000000000001e4       0x20 ./Source/main.o
                0x00000000000001e4                setup_interrupts
 .text.setup_gyro
                0x0000000000000204       0x44 ./Source/main.o
                0x0000000000000204                setup_gyro
 .text.read_gyro
                0x0000000000000248      0x10a ./Source/main.o
                0x0000000000000248                read_gyro
 .text.calculate_pid
                0x0000000000000352      0x93c ./Source/main.o
                0x0000000000000352                calculate_pid
 .text.main     0x0000000000000c8e      0x95e ./Source/main.o
                0x0000000000000c8e                main
 .text.__vector_5
                0x00000000000015ec       0x94 ./Source/main.o
                0x00000000000015ec                __vector_5
 .text.__vector_3
                0x0000000000001680       0x60 ./Source/main.o
                0x0000000000001680                __vector_3
 .text.setup_uart
                0x00000000000016e0       0x20 ./Source/uart.o
                0x00000000000016e0                setup_uart
 .text.put_uart
                0x0000000000001700       0x10 ./Source/uart.o
                0x0000000000001700                put_uart
 .text.serial_write
                0x0000000000001710       0x44 ./Source/uart.o
                0x0000000000001710                serial_write
 .text.get_uart
                0x0000000000001754       0x10 ./Source/uart.o
                0x0000000000001754                get_uart
 .text.put_uint
                0x0000000000001764       0x9c ./Source/uart.o
                0x0000000000001764                put_uint
 .text.put_int  0x0000000000001800       0xb2 ./Source/uart.o
                0x0000000000001800                put_int
 .text.put_float
                0x00000000000018b2        0x2 ./Source/uart.o
                0x00000000000018b2                put_float
 .text.libgcc.mul
                0x00000000000018b4        0x0 /usr/lib/gcc/avr/9.2.0/avr5/libgcc.a(_udivmodhi4.o)
 .text.libgcc.div
                0x00000000000018b4       0x28 /usr/lib/gcc/avr/9.2.0/avr5/libgcc.a(_udivmodhi4.o)
                0x00000000000018b4                __udivmodhi4
 .text.libgcc   0x00000000000018dc        0x0 /usr/lib/gcc/avr/9.2.0/avr5/libgcc.a(_udivmodhi4.o)
 .text.libgcc.prologue
                0x00000000000018dc        0x0 /usr/lib/gcc/avr/9.2.0/avr5/libgcc.a(_udivmodhi4.o)
 .text.libgcc.builtins
                0x00000000000018dc        0x0 /usr/lib/gcc/avr/9.2.0/avr5/libgcc.a(_udivmodhi4.o)
 .text.libgcc.fmul
                0x00000000000018dc        0x0 /usr/lib/gcc/avr/9.2.0/avr5/libgcc.a(_udivmodhi4.o)
 .text.libgcc.fixed
                0x00000000000018dc        0x0 /usr/lib/gcc/avr/9.2.0/avr5/libgcc.a(_udivmodhi4.o)
 .text.libgcc.mul
                0x00000000000018dc        0x0 /usr/lib/gcc/avr/9.2.0/avr5/libgcc.a(_exit.o)
 .text.libgcc.div
                0x00000000000018dc        0x0 /usr/lib/gcc/avr/9.2.0/avr5/libgcc.a(_exit.o)
 .text.libgcc   0x00000000000018dc        0x0 /usr/lib/gcc/avr/9.2.0/avr5/libgcc.a(_exit.o)
 .text.libgcc.prologue
                0x00000000000018dc        0x0 /usr/lib/gcc/avr/9.2.0/avr5/libgcc.a(_exit.o)
 .text.libgcc.builtins
                0x00000000000018dc        0x0 /usr/lib/gcc/avr/9.2.0/avr5/libgcc.a(_exit.o)
 .text.libgcc.fmul
                0x00000000000018dc        0x0 /usr/lib/gcc/avr/9.2.0/avr5/libgcc.a(_exit.o)
 .text.libgcc.fixed
                0x00000000000018dc        0x0 /usr/lib/gcc/avr/9.2.0/avr5/libgcc.a(_exit.o)
 .text.libgcc.mul
                0x00000000000018dc        0x0 /usr/lib/gcc/avr/9.2.0/avr5/libgcc.a(_copy_data.o)
 .text.libgcc.div
                0x00000000000018dc        0x0 /usr/lib/gcc/avr/9.2.0/avr5/libgcc.a(_copy_data.o)
 .text.libgcc   0x00000000000018dc        0x0 /usr/lib/gcc/avr/9.2.0/avr5/libgcc.a(_copy_data.o)
 .text.libgcc.prologue
                0x00000000000018dc        0x0 /usr/lib/gcc/avr/9.2.0/avr5/libgcc.a(_copy_data.o)
 .text.libgcc.builtins
                0x00000000000018dc        0x0 /usr/lib/gcc/avr/9.2.0/avr5/libgcc.a(_copy_data.o)
 .text.libgcc.fmul
                0x00000000000018dc        0x0 /usr/lib/gcc/avr/9.2.0/avr5/libgcc.a(_copy_data.o)
 .text.libgcc.fixed
                0x00000000000018dc        0x0 /usr/lib/gcc/avr/9.2.0/avr5/libgcc.a(_copy_data.o)
 .text.libgcc.mul
                0x00000000000018dc        0x0 /usr/lib/gcc/avr/9.2.0/avr5/libgcc.a(_clear_bss.o)
 .text.libgcc.div
                0x00000000000018dc        0x0 /usr/lib/gcc/avr/9.2.0/avr5/libgcc.a(_clear_bss.o)
 .text.libgcc   0x00000000000018dc        0x0 /usr/lib/gcc/avr/9.2.0/avr5/libgcc.a(_clear_bss.o)
 .text.libgcc.prologue
                0x00000000000018dc        0x0 /usr/lib/gcc/avr/9.2.0/avr5/libgcc.a(_clear_bss.o)
 .text.libgcc.builtins
                0x00000000000018dc        0x0 /usr/lib/gcc/avr/9.2.0/avr5/libgcc.a(_clear_bss.o)
 .text.libgcc.fmul
                0x00000000000018dc        0x0 /usr/lib/gcc/avr/9.2.0/avr5/libgcc.a(_clear_bss.o)
 .text.libgcc.fixed
                0x00000000000018dc        0x0 /usr/lib/gcc/avr/9.2.0/avr5/libgcc.a(_clear_bss.o)
 .text.libgcc.mul
                0x00000000000018dc       0x1e /usr/lib/gcc/avr/9.2.0/avr5/libgcc.a(_umulhisi3.o)
                0x00000000000018dc                __umulhisi3
 .text.libgcc.div
                0x00000000000018fa        0x0 /usr/lib/gcc/avr/9.2.0/avr5/libgcc.a(_umulhisi3.o)
 .text.libgcc   0x00000000000018fa        0x0 /usr/lib/gcc/avr/9.2.0/avr5/libgcc.a(_umulhisi3.o)
 .text.libgcc.prologue
                0x00000000000018fa        0x0 /usr/lib/gcc/avr/9.2.0/avr5/libgcc.a(_umulhisi3.o)
 .text.libgcc.builtins
                0x00000000000018fa        0x0 /usr/lib/gcc/avr/9.2.0/avr5/libgcc.a(_umulhisi3.o)
 .text.libgcc.fmul
                0x00000000000018fa        0x0 /usr/lib/gcc/avr/9.2.0/avr5/libgcc.a(_umulhisi3.o)
 .text.libgcc.fixed
                0x00000000000018fa        0x0 /usr/lib/gcc/avr/9.2.0/avr5/libgcc.a(_umulhisi3.o)
 .text.avr-libc.fplib
                0x00000000000018fa        0xe /usr/lib/gcc/avr/9.2.0/../../../../avr/lib/avr5/libm.a(addsf3.o)
                0x00000000000018fa                __subsf3
                0x00000000000018fc                __addsf3
 .text.avr-libc.fplib
                0x0000000000001908       0xcc /usr/lib/gcc/avr/9.2.0/../../../../avr/lib/avr5/libm.a(addsf3x.o)
                0x000000000000192a                __addsf3x
 .text.avr-libc.fplib
                0x00000000000019d4        0xa /usr/lib/gcc/avr/9.2.0/../../../../avr/lib/avr5/libm.a(cmpsf2.o)
                0x00000000000019d4                __lesf2
                0x00000000000019d4                __nesf2
                0x00000000000019d4                __eqsf2
                0x00000000000019d4                __cmpsf2
                0x00000000000019d4                __ltsf2
 .text.avr-libc.fplib
                0x00000000000019de        0x8 /usr/lib/gcc/avr/9.2.0/../../../../avr/lib/avr5/libm.a(divsf3.o)
                0x00000000000019de                __divsf3
 .text.avr-libc.fplib
                0x00000000000019e6       0xdc /usr/lib/gcc/avr/9.2.0/../../../../avr/lib/avr5/libm.a(divsf3x.o)
                0x0000000000001a06                __divsf3x
                0x0000000000001a0c                __divsf3_pse
 .text.avr-libc.fplib
                0x0000000000001ac2        0xe /usr/lib/gcc/avr/9.2.0/../../../../avr/lib/avr5/libm.a(fixsfsi.o)
                0x0000000000001ac2                __fixsfsi
 .text.avr-libc.fplib
                0x0000000000001ad0       0x5e /usr/lib/gcc/avr/9.2.0/../../../../avr/lib/avr5/libm.a(fixunssfsi.o)
                0x0000000000001ad0                __fixunssfsi
 .text.avr-libc.fplib
                0x0000000000001b2e       0x7a /usr/lib/gcc/avr/9.2.0/../../../../avr/lib/avr5/libm.a(floatsisf.o)
                0x0000000000001b2e                __floatunsisf
                0x0000000000001b32                __floatsisf
 .text.avr-libc.fplib
                0x0000000000001ba8       0x48 /usr/lib/gcc/avr/9.2.0/../../../../avr/lib/avr5/libm.a(fp_cmp.o)
                0x0000000000001ba8                __fp_cmp
 .text.avr-libc.fplib
                0x0000000000001bf0        0xc /usr/lib/gcc/avr/9.2.0/../../../../avr/lib/avr5/libm.a(fp_inf.o)
                0x0000000000001bf0                __fp_inf
 .text.avr-libc.fplib
                0x0000000000001bfc        0x6 /usr/lib/gcc/avr/9.2.0/../../../../avr/lib/avr5/libm.a(fp_nan.o)
                0x0000000000001bfc                __fp_nan
 .text.avr-libc.fplib
                0x0000000000001c02        0xe /usr/lib/gcc/avr/9.2.0/../../../../avr/lib/avr5/libm.a(fp_pscA.o)
                0x0000000000001c02                __fp_pscA
 .text.avr-libc.fplib
                0x0000000000001c10        0xe /usr/lib/gcc/avr/9.2.0/../../../../avr/lib/avr5/libm.a(fp_pscB.o)
                0x0000000000001c10                __fp_pscB
 .text.avr-libc.fplib
                0x0000000000001c1e       0x22 /usr/lib/gcc/avr/9.2.0/../../../../avr/lib/avr5/libm.a(fp_round.o)
                0x0000000000001c1e                __fp_round
 .text.avr-libc.fplib
                0x0000000000001c40       0x44 /usr/lib/gcc/avr/9.2.0/../../../../avr/lib/avr5/libm.a(fp_split3.o)
                0x0000000000001c40                __fp_split3
                0x0000000000001c50                __fp_splitA
 .text.avr-libc.fplib
                0x0000000000001c84        0xe /usr/lib/gcc/avr/9.2.0/../../../../avr/lib/avr5/libm.a(fp_zero.o)
                0x0000000000001c84                __fp_zero
                0x0000000000001c86                __fp_szero
 .text.avr-libc.fplib
                0x0000000000001c92        0xa /usr/lib/gcc/avr/9.2.0/../../../../avr/lib/avr5/libm.a(gesf2.o)
                0x0000000000001c92                __gtsf2
                0x0000000000001c92                __gesf2
 .text.avr-libc.fplib
                0x0000000000001c9c        0x8 /usr/lib/gcc/avr/9.2.0/../../../../avr/lib/avr5/libm.a(mulsf3.o)
                0x0000000000001c9c                __mulsf3
 .text.avr-libc.fplib
                0x0000000000001ca4       0xd2 /usr/lib/gcc/avr/9.2.0/../../../../avr/lib/avr5/libm.a(mulsf3x.o)
                0x0000000000001cc2                __mulsf3x
                0x0000000000001cc8                __mulsf3_pse
                0x0000000000001d76                . = ALIGN (0x2)
 *(.fini9)
 .fini9         0x0000000000001d76        0x0 /usr/lib/gcc/avr/9.2.0/avr5/libgcc.a(_exit.o)
                0x0000000000001d76                exit
                0x0000000000001d76                _exit
 *(.fini9)
 *(.fini8)
 *(.fini8)
 *(.fini7)
 *(.fini7)
 *(.fini6)
 *(.fini6)
 *(.fini5)
 *(.fini5)
 *(.fini4)
 *(.fini4)
 *(.fini3)
 *(.fini3)
 *(.fini2)
 *(.fini2)
 *(.fini1)
 *(.fini1)
 *(.fini0)
 .fini0         0x0000000000001d76        0x4 /usr/lib/gcc/avr/9.2.0/avr5/libgcc.a(_exit.o)
 *(.fini0)
 *(.hightext)
 *(.hightext*)
 *(.progmemx.*)
                0x0000000000001d7a                . = ALIGN (0x2)
 *(.jumptables)
 *(.jumptables*)
                0x0000000000001d7a                _etext = .

.data           0x0000000000800100       0x56 load address 0x0000000000001d7a
                0x0000000000800100                PROVIDE (__data_start = .)
 *(.data)
 .data          0x0000000000800100        0x0 /usr/lib/gcc/avr/9.2.0/../../../../avr/lib/avr5/crtatmega328p.o
 .data          0x0000000000800100        0x0 ./Source/i2cmaster.o
 .data          0x0000000000800100        0x0 ./Source/main.o
 .data          0x0000000000800100        0x0 ./Source/uart.o
 .data          0x0000000000800100        0x0 /usr/lib/gcc/avr/9.2.0/avr5/libgcc.a(_udivmodhi4.o)
 .data          0x0000000000800100        0x0 /usr/lib/gcc/avr/9.2.0/avr5/libgcc.a(_exit.o)
 .data          0x0000000000800100        0x0 /usr/lib/gcc/avr/9.2.0/avr5/libgcc.a(_copy_data.o)
 .data          0x0000000000800100        0x0 /usr/lib/gcc/avr/9.2.0/avr5/libgcc.a(_clear_bss.o)
 .data          0x0000000000800100        0x0 /usr/lib/gcc/avr/9.2.0/avr5/libgcc.a(_umulhisi3.o)
 .data          0x0000000000800100        0x0 /usr/lib/gcc/avr/9.2.0/../../../../avr/lib/avr5/libm.a(addsf3.o)
 .data          0x0000000000800100        0x0 /usr/lib/gcc/avr/9.2.0/../../../../avr/lib/avr5/libm.a(addsf3x.o)
 .data          0x0000000000800100        0x0 /usr/lib/gcc/avr/9.2.0/../../../../avr/lib/avr5/libm.a(cmpsf2.o)
 .data          0x0000000000800100        0x0 /usr/lib/gcc/avr/9.2.0/../../../../avr/lib/avr5/libm.a(divsf3.o)
 .data          0x0000000000800100        0x0 /usr/lib/gcc/avr/9.2.0/../../../../avr/lib/avr5/libm.a(divsf3x.o)
 .data          0x0000000000800100        0x0 /usr/lib/gcc/avr/9.2.0/../../../../avr/lib/avr5/libm.a(fixsfsi.o)
 .data          0x0000000000800100        0x0 /usr/lib/gcc/avr/9.2.0/../../../../avr/lib/avr5/libm.a(fixunssfsi.o)
 .data          0x0000000000800100        0x0 /usr/lib/gcc/avr/9.2.0/../../../../avr/lib/avr5/libm.a(floatsisf.o)
 .data          0x0000000000800100        0x0 /usr/lib/gcc/avr/9.2.0/../../../../avr/lib/avr5/libm.a(fp_cmp.o)
 .data          0x0000000000800100        0x0 /usr/lib/gcc/avr/9.2.0/../../../../avr/lib/avr5/libm.a(fp_inf.o)
 .data          0x0000000000800100        0x0 /usr/lib/gcc/avr/9.2.0/../../../../avr/lib/avr5/libm.a(fp_nan.o)
 .data          0x0000000000800100        0x0 /usr/lib/gcc/avr/9.2.0/../../../../avr/lib/avr5/libm.a(fp_pscA.o)
 .data          0x0000000000800100        0x0 /usr/lib/gcc/avr/9.2.0/../../../../avr/lib/avr5/libm.a(fp_pscB.o)
 .data          0x0000000000800100        0x0 /usr/lib/gcc/avr/9.2.0/../../../../avr/lib/avr5/libm.a(fp_round.o)
 .data          0x0000000000800100        0x0 /usr/lib/gcc/avr/9.2.0/../../../../avr/lib/avr5/libm.a(fp_split3.o)
 .data          0x0000000000800100        0x0 /usr/lib/gcc/avr/9.2.0/../../../../avr/lib/avr5/libm.a(fp_zero.o)
 .data          0x0000000000800100        0x0 /usr/lib/gcc/avr/9.2.0/../../../../avr/lib/avr5/libm.a(gesf2.o)
 .data          0x0000000000800100        0x0 /usr/lib/gcc/avr/9.2.0/../../../../avr/lib/avr5/libm.a(mulsf3.o)
 .data          0x0000000000800100        0x0 /usr/lib/gcc/avr/9.2.0/../../../../avr/lib/avr5/libm.a(mulsf3x.o)
 *(.data*)
 .data.pid_max_yaw
                0x0000000000800100        0x2 ./Source/main.o
                0x0000000000800100                pid_max_yaw
 .data.pid_i_gain_yaw
                0x0000000000800102        0x4 ./Source/main.o
                0x0000000000800102                pid_i_gain_yaw
 .data.pid_p_gain_yaw
                0x0000000000800106        0x4 ./Source/main.o
                0x0000000000800106                pid_p_gain_yaw
 .data.pid_max_pitch
                0x000000000080010a        0x2 ./Source/main.o
                0x000000000080010a                pid_max_pitch
 .data.pid_d_gain_pitch
                0x000000000080010c        0x4 ./Source/main.o
                0x000000000080010c                pid_d_gain_pitch
 .data.pid_i_gain_pitch
                0x0000000000800110        0x4 ./Source/main.o
                0x0000000000800110                pid_i_gain_pitch
 .data.pid_p_gain_pitch
                0x0000000000800114        0x4 ./Source/main.o
                0x0000000000800114                pid_p_gain_pitch
 .data.pid_max_roll
                0x0000000000800118        0x2 ./Source/main.o
                0x0000000000800118                pid_max_roll
 .data.pid_d_gain_roll
                0x000000000080011a        0x4 ./Source/main.o
                0x000000000080011a                pid_d_gain_roll
 .data.pid_i_gain_roll
                0x000000000080011e        0x4 ./Source/main.o
                0x000000000080011e                pid_i_gain_roll
 .data.pid_p_gain_roll
                0x0000000000800122        0x4 ./Source/main.o
                0x0000000000800122                pid_p_gain_roll
 *(.gnu.linkonce.d*)
 *(.rodata)
 *(.rodata*)
 .rodata.main.str1.1
                0x0000000000800126       0x2f ./Source/main.o
                                         0x30 (size before relaxing)
 *(.gnu.linkonce.r*)
                0x0000000000800156                . = ALIGN (0x2)
 *fill*         0x0000000000800155        0x1 
                0x0000000000800156                _edata = .
                0x0000000000800156                PROVIDE (__data_end = .)

.bss            0x0000000000800156       0xf0
                0x0000000000800156                PROVIDE (__bss_start = .)
 *(.bss)
 .bss           0x0000000000800156        0x0 /usr/lib/gcc/avr/9.2.0/../../../../avr/lib/avr5/crtatmega328p.o
 .bss           0x0000000000800156        0x0 ./Source/i2cmaster.o
 .bss           0x0000000000800156        0x0 ./Source/main.o
 .bss           0x0000000000800156        0x0 ./Source/uart.o
 .bss           0x0000000000800156        0x0 /usr/lib/gcc/avr/9.2.0/avr5/libgcc.a(_udivmodhi4.o)
 .bss           0x0000000000800156        0x0 /usr/lib/gcc/avr/9.2.0/avr5/libgcc.a(_exit.o)
 .bss           0x0000000000800156        0x0 /usr/lib/gcc/avr/9.2.0/avr5/libgcc.a(_copy_data.o)
 .bss           0x0000000000800156        0x0 /usr/lib/gcc/avr/9.2.0/avr5/libgcc.a(_clear_bss.o)
 .bss           0x0000000000800156        0x0 /usr/lib/gcc/avr/9.2.0/avr5/libgcc.a(_umulhisi3.o)
 .bss           0x0000000000800156        0x0 /usr/lib/gcc/avr/9.2.0/../../../../avr/lib/avr5/libm.a(addsf3.o)
 .bss           0x0000000000800156        0x0 /usr/lib/gcc/avr/9.2.0/../../../../avr/lib/avr5/libm.a(addsf3x.o)
 .bss           0x0000000000800156        0x0 /usr/lib/gcc/avr/9.2.0/../../../../avr/lib/avr5/libm.a(cmpsf2.o)
 .bss           0x0000000000800156        0x0 /usr/lib/gcc/avr/9.2.0/../../../../avr/lib/avr5/libm.a(divsf3.o)
 .bss           0x0000000000800156        0x0 /usr/lib/gcc/avr/9.2.0/../../../../avr/lib/avr5/libm.a(divsf3x.o)
 .bss           0x0000000000800156        0x0 /usr/lib/gcc/avr/9.2.0/../../../../avr/lib/avr5/libm.a(fixsfsi.o)
 .bss           0x0000000000800156        0x0 /usr/lib/gcc/avr/9.2.0/../../../../avr/lib/avr5/libm.a(fixunssfsi.o)
 .bss           0x0000000000800156        0x0 /usr/lib/gcc/avr/9.2.0/../../../../avr/lib/avr5/libm.a(floatsisf.o)
 .bss           0x0000000000800156        0x0 /usr/lib/gcc/avr/9.2.0/../../../../avr/lib/avr5/libm.a(fp_cmp.o)
 .bss           0x0000000000800156        0x0 /usr/lib/gcc/avr/9.2.0/../../../../avr/lib/avr5/libm.a(fp_inf.o)
 .bss           0x0000000000800156        0x0 /usr/lib/gcc/avr/9.2.0/../../../../avr/lib/avr5/libm.a(fp_nan.o)
 .bss           0x0000000000800156        0x0 /usr/lib/gcc/avr/9.2.0/../../../../avr/lib/avr5/libm.a(fp_pscA.o)
 .bss           0x0000000000800156        0x0 /usr/lib/gcc/avr/9.2.0/../../../../avr/lib/avr5/libm.a(fp_pscB.o)
 .bss           0x0000000000800156        0x0 /usr/lib/gcc/avr/9.2.0/../../../../avr/lib/avr5/libm.a(fp_round.o)
 .bss           0x0000000000800156        0x0 /usr/lib/gcc/avr/9.2.0/../../../../avr/lib/avr5/libm.a(fp_split3.o)
 .bss           0x0000000000800156        0x0 /usr/lib/gcc/avr/9.2.0/../../../../avr/lib/avr5/libm.a(fp_zero.o)
 .bss           0x0000000000800156        0x0 /usr/lib/gcc/avr/9.2.0/../../../../avr/lib/avr5/libm.a(gesf2.o)
 .bss           0x0000000000800156        0x0 /usr/lib/gcc/avr/9.2.0/../../../../avr/lib/avr5/libm.a(mulsf3.o)
 .bss           0x0000000000800156        0x0 /usr/lib/gcc/avr/9.2.0/../../../../avr/lib/avr5/libm.a(mulsf3x.o)
 *(.bss*)
 .bss.last_channel.1913
                0x0000000000800156        0x1 ./Source/main.o
 .bss.pid_d_gain_yaw
                0x0000000000800157        0x4 ./Source/main.o
                0x0000000000800157                pid_d_gain_yaw
 *(COMMON)
 COMMON         0x000000000080015b       0xeb ./Source/main.o
                0x000000000080015b                timer_3
                0x000000000080015f                pid_output_roll
                0x0000000000800163                counter_channel_1
                0x0000000000800165                counter_channel_4
                0x0000000000800167                pid_last_roll_d_error
                0x000000000080016b                receiver_input_channel_3
                0x000000000080016d                gyro_pitch
                0x0000000000800171                sig_atomic_t
                0x0000000000800172                battery_voltage
                0x0000000000800174                counter_channel_2
                0x0000000000800176                esc_loop_timer
                0x000000000080017a                timer_2
                0x000000000080017e                current_time
                0x0000000000800182                timer_channel_1
                0x0000000000800186                gyro_axis
                0x0000000000800196                loop_counter
                0x0000000000800198                gyro_pitch_input
                0x000000000080019c                counter_channel_3
                0x000000000080019e                rc_signal
                0x00000000008001ac                gyro_yaw
                0x00000000008001b0                esc_2
                0x00000000008001b2                gyro_axis_cal
                0x00000000008001c2                throttle
                0x00000000008001c4                gyro_yaw_input
                0x00000000008001c8                pid_output_yaw
                0x00000000008001cc                timer_4
                0x00000000008001d0                receiver_input_channel_2
                0x00000000008001d2                gyro_roll_input
                0x00000000008001d6                esc_1
                0x00000000008001d8                timer_1
                0x00000000008001dc                timer_channel_3
                0x00000000008001e0                cal_int
                0x00000000008001e2                pid_i_mem_pitch
                0x00000000008001e6                gyro_value
                0x0000000000800202                timer_channel_4
                0x0000000000800206                timer_channel_2
                0x000000000080020a                pid_output_pitch
                0x000000000080020e                esc_timer
                0x0000000000800212                esc_3
                0x0000000000800214                gyro_address
                0x0000000000800216                receiver_input_channel_4
                0x0000000000800218                pid_yaw_setpoint
                0x000000000080021c                receiver_input_channel_1
                0x000000000080021e                gyro_roll
                0x0000000000800222                pid_roll_setpoint
                0x0000000000800226                pid_pitch_setpoint
                0x000000000080022a                pid_last_pitch_d_error
                0x000000000080022e                esc_4
                0x0000000000800230                start
                0x0000000000800232                pid_error_temp
                0x0000000000800236                pid_i_mem_roll
                0x000000000080023a                loop_timer
                0x000000000080023e                pid_last_yaw_d_error
                0x0000000000800242                pid_i_mem_yaw
                0x0000000000800246                PROVIDE (__bss_end = .)
                0x0000000000001d7a                __data_load_start = LOADADDR (.data)
                0x0000000000001dd0                __data_load_end = (__data_load_start + SIZEOF (.data))

.noinit         0x0000000000800246        0x0
                [!provide]                        PROVIDE (__noinit_start = .)
 *(.noinit*)
                [!provide]                        PROVIDE (__noinit_end = .)
                0x0000000000800246                _end = .
                [!provide]                        PROVIDE (__heap_start = .)

.eeprom         0x0000000000810000        0x0
 *(.eeprom*)
                0x0000000000810000                __eeprom_end = .

.fuse
 *(.fuse)
 *(.lfuse)
 *(.hfuse)
 *(.efuse)

.lock
 *(.lock*)

.signature
 *(.signature*)

.stab
 *(.stab)

.stabstr
 *(.stabstr)

.stab.excl
 *(.stab.excl)

.stab.exclstr
 *(.stab.exclstr)

.stab.index
 *(.stab.index)

.stab.indexstr
 *(.stab.indexstr)

.comment        0x0000000000000000       0x11
 *(.comment)
 .comment       0x0000000000000000       0x11 ./Source/i2cmaster.o
                                         0x12 (size before relaxing)
 .comment       0x0000000000000011       0x12 ./Source/main.o
 .comment       0x0000000000000011       0x12 ./Source/uart.o

.note.gnu.avr.deviceinfo
                0x0000000000000000       0x40
 .note.gnu.avr.deviceinfo
                0x0000000000000000       0x40 /usr/lib/gcc/avr/9.2.0/../../../../avr/lib/avr5/crtatmega328p.o

.note.gnu.build-id
 *(.note.gnu.build-id)

.debug
 *(.debug)

.line
 *(.line)

.debug_srcinfo
 *(.debug_srcinfo)

.debug_sfnames
 *(.debug_sfnames)

.debug_aranges
 *(.debug_aranges)

.debug_pubnames
 *(.debug_pubnames)

.debug_info     0x0000000000000000      0x5f4
 *(.debug_info .gnu.linkonce.wi.*)
 .debug_info    0x0000000000000000      0x5f4 /usr/lib/gcc/avr/9.2.0/../../../../avr/lib/avr5/crtatmega328p.o

.debug_abbrev   0x0000000000000000      0x5a2
 *(.debug_abbrev)
 .debug_abbrev  0x0000000000000000      0x5a2 /usr/lib/gcc/avr/9.2.0/../../../../avr/lib/avr5/crtatmega328p.o

.debug_line     0x0000000000000000       0x1d
 *(.debug_line .debug_line.* .debug_line_end)
 .debug_line    0x0000000000000000       0x1d /usr/lib/gcc/avr/9.2.0/../../../../avr/lib/avr5/crtatmega328p.o

.debug_frame
 *(.debug_frame)

.debug_str      0x0000000000000000      0x208
 *(.debug_str)
 .debug_str     0x0000000000000000      0x208 /usr/lib/gcc/avr/9.2.0/../../../../avr/lib/avr5/crtatmega328p.o

.debug_loc
 *(.debug_loc)

.debug_macinfo
 *(.debug_macinfo)

.debug_weaknames
 *(.debug_weaknames)

.debug_funcnames
 *(.debug_funcnames)

.debug_typenames
 *(.debug_typenames)

.debug_varnames
 *(.debug_varnames)

.debug_pubtypes
 *(.debug_pubtypes)

.debug_ranges
 *(.debug_ranges)

.debug_macro
 *(.debug_macro)

.debug_addr
 *(.debug_addr)
OUTPUT(MicroDrone.elf elf32-avr)
LOAD linker stubs
